Enter password: ****
Welcome to the MySQL monitor.  Commands end with ; or \g.
Your MySQL connection id is 13
Server version: 8.0.33 MySQL Community Server - GPL

Copyright (c) 2000, 2023, Oracle and/or its affiliates.

Oracle is a registered trademark of Oracle Corporation and/or its
affiliates. Other names may be trademarks of their respective
owners.

Type 'help;' or '\h' for help. Type '\c' to clear the current input statement.

mysql> select SocName
    -> from society
    -> inner join ENROLLMENT ON SocID = SIDN
    -> GROUP BY SocName
    -> order by count(*) desc
    -> limit 1;
ERROR 1046 (3D000): No database selected
mysql> use gaurav;
Database changed
mysql> select SocName
    -> from society
    -> inner join ENROLLMENT ON SocID = SIDN
    -> GROUP BY SocName
    -> order by count(*) desc
    -> limit 1;
+---------+
| SocName |
+---------+
| apc     |
+---------+
1 row in set (0.01 sec)

mysql> select SocName
    -> from society
    -> inner join ENROLLMENT ON SocID = SIDN
    -> group by SocName
    -> order by count(*) asc
    -> limit 2;
+---------+
| SocName |
+---------+
| apc     |
| yuva    |
+---------+
2 rows in set (0.00 sec)

mysql> select studentname
    -> from student
    -> left join ENROLLMENT ON rollno = rollno
    -> where SIDN IS NULL;
ERROR 1052 (23000): Column 'rollno' in on clause is ambiguous
mysql> SELECT studentname
    -> from student
    -> inner join ENROLLMENT e1 ON rollno = rollno
    -> inner join ENROLLMENT e2 ON rollno = rollno
    -> where e1.SIDN<>e2.SIDN
    -> GROUP BY studentname
    -> having count (*) >= 2;
ERROR 1064 (42000): You have an error in your SQL syntax; check the manual that corresponds to your MySQL server version for the right syntax to use near '*) >= 2' at line 7
mysql> SELECT studentname
    -> from student
    -> inner join ENROLLMENT e1 ON rollno = rollno
    -> inner join ENROLLMENT e2 ON rollno = rollno
    -> where e1.SIDN<>e2.SIDN
    -> GROUP BY studentname
    -> having count(*) >= 2;
ERROR 1052 (23000): Column 'rollno' in on clause is ambiguous
mysql> SELECT studentname
    -> from student
    -> inner join ENROLLMENT e1 ON rollno = rollno
    -> inner join ENROLLMENT e1 ON rollno = rollno^C
mysql> SELECT studentname
    -> from student
    -> inner join ENROLLMENT e1 ON RollNo = RollNo
    -> inner join ENROLLMENT e2 ON RollnNo = RollNo
    -> where e1.SIDN<>e2.SIDN
    -> GROUP BY studentname
    -> having count(*) >= 2;
ERROR 1054 (42S22): Unknown column 'RollnNo' in 'on clause'
mysql> SELECT studentname
    -> from student
    -> inner join ENROLLMENT e1 ON rollno = rollno
    -> ^C
mysql> SELECT studentname
    -> from student
    -> inner join ENROLLMENT e1 ON RollNo = RollNo
    -> inner join ENROLLMENT e2 ON RollNo = RollNo
    -> where e1.SIDN<>e2.SIDN
    -> GROUP BY studentname
    -> having count(*) >= 2;
ERROR 1052 (23000): Column 'RollNo' in on clause is ambiguous
mysql>
